// Jest Snapshot v1, https://goo.gl/fbAQLP

exports[`matches the snapshot 1`] = `
<DocumentFragment>
  <a
    class="ArticleCard-link"
    href="/article/id"
  >
    <div
      class="ArticleCard"
    >
      <p
        class="ArticleCard-title"
      >
        <strong>
          title
        </strong>
      </p>
      <p
        class="ArticleCard-cat-badge undefined"
      >
        section
      </p>
    </div>
  </a>
</DocumentFragment>
`;
